Archive member included to satisfy reference by file (symbol)

c:/st/stm32cubeide_1.3.0/stm32cubeide/plugins/com.st.stm32cube.ide.mcu.externaltools.gnu-tools-for-stm32.7-2018-q2-update.win32_1.0.0.201904181610/tools/bin/../lib/gcc/arm-none-eabi/7.3.1/../../../../arm-none-eabi/lib/thumb/v7e-m/fpv4-sp/hard\libc_nano.a(lib_a-errno.o)
                              Core/Src/syscalls.o (__errno)
c:/st/stm32cubeide_1.3.0/stm32cubeide/plugins/com.st.stm32cube.ide.mcu.externaltools.gnu-tools-for-stm32.7-2018-q2-update.win32_1.0.0.201904181610/tools/bin/../lib/gcc/arm-none-eabi/7.3.1/../../../../arm-none-eabi/lib/thumb/v7e-m/fpv4-sp/hard\libc_nano.a(lib_a-exit.o)
                              c:/st/stm32cubeide_1.3.0/stm32cubeide/plugins/com.st.stm32cube.ide.mcu.externaltools.gnu-tools-for-stm32.7-2018-q2-update.win32_1.0.0.201904181610/tools/bin/../lib/gcc/arm-none-eabi/7.3.1/../../../../arm-none-eabi/lib/thumb/v7e-m/fpv4-sp/hard/crt0.o (exit)
c:/st/stm32cubeide_1.3.0/stm32cubeide/plugins/com.st.stm32cube.ide.mcu.externaltools.gnu-tools-for-stm32.7-2018-q2-update.win32_1.0.0.201904181610/tools/bin/../lib/gcc/arm-none-eabi/7.3.1/../../../../arm-none-eabi/lib/thumb/v7e-m/fpv4-sp/hard\libc_nano.a(lib_a-impure.o)
                              c:/st/stm32cubeide_1.3.0/stm32cubeide/plugins/com.st.stm32cube.ide.mcu.externaltools.gnu-tools-for-stm32.7-2018-q2-update.win32_1.0.0.201904181610/tools/bin/../lib/gcc/arm-none-eabi/7.3.1/../../../../arm-none-eabi/lib/thumb/v7e-m/fpv4-sp/hard\libc_nano.a(lib_a-exit.o) (_global_impure_ptr)
c:/st/stm32cubeide_1.3.0/stm32cubeide/plugins/com.st.stm32cube.ide.mcu.externaltools.gnu-tools-for-stm32.7-2018-q2-update.win32_1.0.0.201904181610/tools/bin/../lib/gcc/arm-none-eabi/7.3.1/../../../../arm-none-eabi/lib/thumb/v7e-m/fpv4-sp/hard\libc_nano.a(lib_a-init.o)
                              c:/st/stm32cubeide_1.3.0/stm32cubeide/plugins/com.st.stm32cube.ide.mcu.externaltools.gnu-tools-for-stm32.7-2018-q2-update.win32_1.0.0.201904181610/tools/bin/../lib/gcc/arm-none-eabi/7.3.1/../../../../arm-none-eabi/lib/thumb/v7e-m/fpv4-sp/hard/crt0.o (__libc_init_array)
c:/st/stm32cubeide_1.3.0/stm32cubeide/plugins/com.st.stm32cube.ide.mcu.externaltools.gnu-tools-for-stm32.7-2018-q2-update.win32_1.0.0.201904181610/tools/bin/../lib/gcc/arm-none-eabi/7.3.1/../../../../arm-none-eabi/lib/thumb/v7e-m/fpv4-sp/hard\libc_nano.a(lib_a-itoa.o)
                              Core/Src/main.o (itoa)
c:/st/stm32cubeide_1.3.0/stm32cubeide/plugins/com.st.stm32cube.ide.mcu.externaltools.gnu-tools-for-stm32.7-2018-q2-update.win32_1.0.0.201904181610/tools/bin/../lib/gcc/arm-none-eabi/7.3.1/../../../../arm-none-eabi/lib/thumb/v7e-m/fpv4-sp/hard\libc_nano.a(lib_a-memset.o)
                              c:/st/stm32cubeide_1.3.0/stm32cubeide/plugins/com.st.stm32cube.ide.mcu.externaltools.gnu-tools-for-stm32.7-2018-q2-update.win32_1.0.0.201904181610/tools/bin/../lib/gcc/arm-none-eabi/7.3.1/../../../../arm-none-eabi/lib/thumb/v7e-m/fpv4-sp/hard/crt0.o (memset)
c:/st/stm32cubeide_1.3.0/stm32cubeide/plugins/com.st.stm32cube.ide.mcu.externaltools.gnu-tools-for-stm32.7-2018-q2-update.win32_1.0.0.201904181610/tools/bin/../lib/gcc/arm-none-eabi/7.3.1/../../../../arm-none-eabi/lib/thumb/v7e-m/fpv4-sp/hard\libc_nano.a(lib_a-utoa.o)
                              c:/st/stm32cubeide_1.3.0/stm32cubeide/plugins/com.st.stm32cube.ide.mcu.externaltools.gnu-tools-for-stm32.7-2018-q2-update.win32_1.0.0.201904181610/tools/bin/../lib/gcc/arm-none-eabi/7.3.1/../../../../arm-none-eabi/lib/thumb/v7e-m/fpv4-sp/hard\libc_nano.a(lib_a-itoa.o) (__utoa)
c:/st/stm32cubeide_1.3.0/stm32cubeide/plugins/com.st.stm32cube.ide.mcu.externaltools.gnu-tools-for-stm32.7-2018-q2-update.win32_1.0.0.201904181610/tools/bin/../lib/gcc/arm-none-eabi/7.3.1/thumb/v7e-m/fpv4-sp/hard\libgcc.a(_aeabi_uldivmod.o)
                              Drivers/STM32F4xx_HAL_Driver/Src/stm32f4xx_hal_rcc.o (__aeabi_uldivmod)
c:/st/stm32cubeide_1.3.0/stm32cubeide/plugins/com.st.stm32cube.ide.mcu.externaltools.gnu-tools-for-stm32.7-2018-q2-update.win32_1.0.0.201904181610/tools/bin/../lib/gcc/arm-none-eabi/7.3.1/thumb/v7e-m/fpv4-sp/hard\libgcc.a(_udivmoddi4.o)
                              c:/st/stm32cubeide_1.3.0/stm32cubeide/plugins/com.st.stm32cube.ide.mcu.externaltools.gnu-tools-for-stm32.7-2018-q2-update.win32_1.0.0.201904181610/tools/bin/../lib/gcc/arm-none-eabi/7.3.1/thumb/v7e-m/fpv4-sp/hard\libgcc.a(_aeabi_uldivmod.o) (__udivmoddi4)
c:/st/stm32cubeide_1.3.0/stm32cubeide/plugins/com.st.stm32cube.ide.mcu.externaltools.gnu-tools-for-stm32.7-2018-q2-update.win32_1.0.0.201904181610/tools/bin/../lib/gcc/arm-none-eabi/7.3.1/thumb/v7e-m/fpv4-sp/hard\libgcc.a(_dvmd_tls.o)
                              c:/st/stm32cubeide_1.3.0/stm32cubeide/plugins/com.st.stm32cube.ide.mcu.externaltools.gnu-tools-for-stm32.7-2018-q2-update.win32_1.0.0.201904181610/tools/bin/../lib/gcc/arm-none-eabi/7.3.1/thumb/v7e-m/fpv4-sp/hard\libgcc.a(_aeabi_uldivmod.o) (__aeabi_ldiv0)

Allocating common symbols
[...]
Memory Configuration

Name             Origin             Length             Attributes
CCMRAM           0x0000000010000000 0x0000000000010000 xrw
RAM              0x0000000020000000 0x0000000000030000 xrw
FLASH            0x0000000008000000 0x0000000000200000 xr
*default*        0x0000000000000000 0xffffffffffffffff

Linker script and memory map

LOAD c:/st/stm32cubeide_1.3.0/stm32cubeide/plugins/com.st.stm32cube.ide.mcu.externaltools.gnu-tools-for-stm32.7-2018-q2-update.win32_1.0.0.201904181610/tools/bin/../lib/gcc/arm-none-eabi/7.3.1/thumb/v7e-m/fpv4-sp/hard/crti.o
LOAD c:/st/stm32cubeide_1.3.0/stm32cubeide/plugins/com.st.stm32cube.ide.mcu.externaltools.gnu-tools-for-stm32.7-2018-q2-update.win32_1.0.0.201904181610/tools/bin/../lib/gcc/arm-none-eabi/7.3.1/thumb/v7e-m/fpv4-sp/hard/crtbegin.o
LOAD c:/st/stm32cubeide_1.3.0/stm32cubeide/plugins/com.st.stm32cube.ide.mcu.externaltools.gnu-tools-for-stm32.7-2018-q2-update.win32_1.0.0.201904181610/tools/bin/../lib/gcc/arm-none-eabi/7.3.1/../../../../arm-none-eabi/lib/thumb/v7e-m/fpv4-sp/hard/crt0.o
LOAD Core/Src/main.o
LOAD Core/Src/stm32f4xx_hal_msp.o
LOAD Core/Src/stm32f4xx_hal_timebase_tim.o
LOAD Core/Src/stm32f4xx_it.o
LOAD Core/Src/syscalls.o
LOAD Core/Src/sysmem.o
LOAD Core/Src/system_stm32f4xx.o
LOAD Core/Startup/startup_stm32f429zitx.o
LOAD Drivers/S117_Driver/S117.o
LOAD Drivers/STM32F4xx_HAL_Driver/Src/stm32f4xx_hal.o
LOAD Drivers/STM32F4xx_HAL_Driver/Src/stm32f4xx_hal_cortex.o
LOAD Drivers/STM32F4xx_HAL_Driver/Src/stm32f4xx_hal_dma.o
LOAD Drivers/STM32F4xx_HAL_Driver/Src/stm32f4xx_hal_dma_ex.o
LOAD Drivers/STM32F4xx_HAL_Driver/Src/stm32f4xx_hal_exti.o
LOAD Drivers/STM32F4xx_HAL_Driver/Src/stm32f4xx_hal_flash.o
LOAD Drivers/STM32F4xx_HAL_Driver/Src/stm32f4xx_hal_flash_ex.o
LOAD Drivers/STM32F4xx_HAL_Driver/Src/stm32f4xx_hal_flash_ramfunc.o
LOAD Drivers/STM32F4xx_HAL_Driver/Src/stm32f4xx_hal_gpio.o
LOAD Drivers/STM32F4xx_HAL_Driver/Src/stm32f4xx_hal_i2c.o
LOAD Drivers/STM32F4xx_HAL_Driver/Src/stm32f4xx_hal_i2c_ex.o
LOAD Drivers/STM32F4xx_HAL_Driver/Src/stm32f4xx_hal_pwr.o
LOAD Drivers/STM32F4xx_HAL_Driver/Src/stm32f4xx_hal_pwr_ex.o
LOAD Drivers/STM32F4xx_HAL_Driver/Src/stm32f4xx_hal_rcc.o
LOAD Drivers/STM32F4xx_HAL_Driver/Src/stm32f4xx_hal_rcc_ex.o
LOAD Drivers/STM32F4xx_HAL_Driver/Src/stm32f4xx_hal_sdram.o
LOAD Drivers/STM32F4xx_HAL_Driver/Src/stm32f4xx_hal_spi.o
LOAD Drivers/STM32F4xx_HAL_Driver/Src/stm32f4xx_hal_tim.o
LOAD Drivers/STM32F4xx_HAL_Driver/Src/stm32f4xx_hal_tim_ex.o
LOAD Drivers/STM32F4xx_HAL_Driver/Src/stm32f4xx_hal_uart.o
LOAD Drivers/STM32F4xx_HAL_Driver/Src/stm32f4xx_ll_fmc.o
START GROUP
LOAD c:/st/stm32cubeide_1.3.0/stm32cubeide/plugins/com.st.stm32cube.ide.mcu.externaltools.gnu-tools-for-stm32.7-2018-q2-update.win32_1.0.0.201904181610/tools/bin/../lib/gcc/arm-none-eabi/7.3.1/../../../../arm-none-eabi/lib/thumb/v7e-m/fpv4-sp/hard\libc_nano.a
LOAD c:/st/stm32cubeide_1.3.0/stm32cubeide/plugins/com.st.stm32cube.ide.mcu.externaltools.gnu-tools-for-stm32.7-2018-q2-update.win32_1.0.0.201904181610/tools/bin/../lib/gcc/arm-none-eabi/7.3.1/../../../../arm-none-eabi/lib/thumb/v7e-m/fpv4-sp/hard\libm.a
END GROUP
START GROUP
LOAD c:/st/stm32cubeide_1.3.0/stm32cubeide/plugins/com.st.stm32cube.ide.mcu.externaltools.gnu-tools-for-stm32.7-2018-q2-update.win32_1.0.0.201904181610/tools/bin/../lib/gcc/arm-none-eabi/7.3.1/thumb/v7e-m/fpv4-sp/hard\libgcc.a
LOAD c:/st/stm32cubeide_1.3.0/stm32cubeide/plugins/com.st.stm32cube.ide.mcu.externaltools.gnu-tools-for-stm32.7-2018-q2-update.win32_1.0.0.201904181610/tools/bin/../lib/gcc/arm-none-eabi/7.3.1/../../../../arm-none-eabi/lib/thumb/v7e-m/fpv4-sp/hard\libc_nano.a
END GROUP
START GROUP
LOAD c:/st/stm32cubeide_1.3.0/stm32cubeide/plugins/com.st.stm32cube.ide.mcu.externaltools.gnu-tools-for-stm32.7-2018-q2-update.win32_1.0.0.201904181610/tools/bin/../lib/gcc/arm-none-eabi/7.3.1/thumb/v7e-m/fpv4-sp/hard\libgcc.a
LOAD c:/st/stm32cubeide_1.3.0/stm32cubeide/plugins/com.st.stm32cube.ide.mcu.externaltools.gnu-tools-for-stm32.7-2018-q2-update.win32_1.0.0.201904181610/tools/bin/../lib/gcc/arm-none-eabi/7.3.1/../../../../arm-none-eabi/lib/thumb/v7e-m/fpv4-sp/hard\libc_nano.a
LOAD c:/st/stm32cubeide_1.3.0/stm32cubeide/plugins/com.st.stm32cube.ide.mcu.externaltools.gnu-tools-for-stm32.7-2018-q2-update.win32_1.0.0.201904181610/tools/bin/../lib/gcc/arm-none-eabi/7.3.1/../../../../arm-none-eabi/lib/thumb/v7e-m/fpv4-sp/hard\libnosys.a
END GROUP
START GROUP
LOAD c:/st/stm32cubeide_1.3.0/stm32cubeide/plugins/com.st.stm32cube.ide.mcu.externaltools.gnu-tools-for-stm32.7-2018-q2-update.win32_1.0.0.201904181610/tools/bin/../lib/gcc/arm-none-eabi/7.3.1/thumb/v7e-m/fpv4-sp/hard\libgcc.a
LOAD c:/st/stm32cubeide_1.3.0/stm32cubeide/plugins/com.st.stm32cube.ide.mcu.externaltools.gnu-tools-for-stm32.7-2018-q2-update.win32_1.0.0.201904181610/tools/bin/../lib/gcc/arm-none-eabi/7.3.1/../../../../arm-none-eabi/lib/thumb/v7e-m/fpv4-sp/hard\libc_nano.a
LOAD c:/st/stm32cubeide_1.3.0/stm32cubeide/plugins/com.st.stm32cube.ide.mcu.externaltools.gnu-tools-for-stm32.7-2018-q2-update.win32_1.0.0.201904181610/tools/bin/../lib/gcc/arm-none-eabi/7.3.1/../../../../arm-none-eabi/lib/thumb/v7e-m/fpv4-sp/hard\libnosys.a
END GROUP
LOAD c:/st/stm32cubeide_1.3.0/stm32cubeide/plugins/com.st.stm32cube.ide.mcu.externaltools.gnu-tools-for-stm32.7-2018-q2-update.win32_1.0.0.201904181610/tools/bin/../lib/gcc/arm-none-eabi/7.3.1/thumb/v7e-m/fpv4-sp/hard/crtend.o
LOAD c:/st/stm32cubeide_1.3.0/stm32cubeide/plugins/com.st.stm32cube.ide.mcu.externaltools.gnu-tools-for-stm32.7-2018-q2-update.win32_1.0.0.201904181610/tools/bin/../lib/gcc/arm-none-eabi/7.3.1/thumb/v7e-m/fpv4-sp/hard/crtn.o
                0x0000000020030000                _estack = (ORIGIN (RAM) + LENGTH (RAM))
                0x0000000000000200                _Min_Heap_Size = 0x200
                0x0000000000000400                _Min_Stack_Size = 0x400

.isr_vector     0x0000000008000000      0x1ac
                0x0000000008000000                . = ALIGN (0x4)
 *(.isr_vector)
 .isr_vector    0x0000000008000000      0x1ac Core/Startup/startup_stm32f429zitx.o
                0x0000000008000000                g_pfnVectors
                0x00000000080001ac                . = ALIGN (0x4)

.text           0x00000000080001ac     0x4310
                0x00000000080001ac                . = ALIGN (0x4)
 *(.text)
 .text          0x00000000080001ac       0x40 c:/st/stm32cubeide_1.3.0/stm32cubeide/plugins/com.st.stm32cube.ide.mcu.externaltools.gnu-tools-for-stm32.7-2018-q2-update.win32_1.0.0.201904181610/tools/bin/../lib/gcc/arm-none-eabi/7.3.1/thumb/v7e-m/fpv4-sp/hard/crtbegin.o
 .text          0x00000000080001ec       0x30 c:/st/stm32cubeide_1.3.0/stm32cubeide/plugins/com.st.stm32cube.ide.mcu.externaltools.gnu-tools-for-stm32.7-2018-q2-update.win32_1.0.0.201904181610/tools/bin/../lib/gcc/arm-none-eabi/7.3.1/thumb/v7e-m/fpv4-sp/hard\libgcc.a(_aeabi_uldivmod.o)
                0x00000000080001ec                __aeabi_uldivmod
 .text          0x000000000800021c      0x2cc c:/st/stm32cubeide_1.3.0/stm32cubeide/plugins/com.st.stm32cube.ide.mcu.externaltools.gnu-tools-for-stm32.7-2018-q2-update.win32_1.0.0.201904181610/tools/bin/../lib/gcc/arm-none-eabi/7.3.1/thumb/v7e-m/fpv4-sp/hard\libgcc.a(_udivmoddi4.o)
                0x000000000800021c                __udivmoddi4
 .text          0x00000000080004e8        0x4 c:/st/stm32cubeide_1.3.0/stm32cubeide/plugins/com.st.stm32cube.ide.mcu.externaltools.gnu-tools-for-stm32.7-2018-q2-update.win32_1.0.0.201904181610/tools/bin/../lib/gcc/arm-none-eabi/7.3.1/thumb/v7e-m/fpv4-sp/hard\libgcc.a(_dvmd_tls.o)
                0x00000000080004e8                __aeabi_idiv0
                0x00000000080004e8                __aeabi_ldiv0
 *(.text*)
 .text.delay    0x00000000080004ec       0x3a Core/Src/main.o
                0x00000000080004ec                delay
 .text.delay_ms
                0x0000000008000526       0x2c Core/Src/main.o
                0x0000000008000526                delay_ms
 *fill*         0x0000000008000552        0x2 
 .text.main     0x0000000008000554      0x184 Core/Src/main.o
                0x0000000008000554                main
 .text.SystemClock_Config
                0x00000000080006d8       0xd4 Core/Src/main.o
                0x00000000080006d8                SystemClock_Config
 .text.MX_I2C3_Init
                0x00000000080007ac       0x80 Core/Src/main.o
 .text.MX_SPI4_Init
                0x000000000800082c       0x6c Core/Src/main.o
 .text.MX_SPI5_Init
                0x0000000008000898       0x6c Core/Src/main.o
 .text.MX_TIM1_Init
                0x0000000008000904       0xa0 Core/Src/main.o
 .text.MX_UART5_Init
                0x00000000080009a4       0x54 Core/Src/main.o
 .text.MX_USART1_UART_Init
                0x00000000080009f8       0x54 Core/Src/main.o
 .text.MX_FMC_Init
                0x0000000008000a4c       0xa0 Core/Src/main.o
 .text.MX_GPIO_Init
                0x0000000008000aec      0x37c Core/Src/main.o
 .text.HAL_TIM_PeriodElapsedCallback
                0x0000000008000e68       0x24 Core/Src/main.o
                0x0000000008000e68                HAL_TIM_PeriodElapsedCallback
 .text.Error_Handler
                0x0000000008000e8c        0xe Core/Src/main.o
                0x0000000008000e8c                Error_Handler
 *fill*         0x0000000008000e9a        0x2 
 .text.HAL_MspInit
                0x0000000008000e9c       0x50 Core/Src/stm32f4xx_hal_msp.o
                0x0000000008000e9c                HAL_MspInit
 .text.HAL_I2C_MspInit
                0x0000000008000eec       0xd4 Core/Src/stm32f4xx_hal_msp.o
                0x0000000008000eec                HAL_I2C_MspInit
 .text.HAL_SPI_MspInit
                0x0000000008000fc0       0xfc Core/Src/stm32f4xx_hal_msp.o
                0x0000000008000fc0                HAL_SPI_MspInit
 .text.HAL_TIM_Base_MspInit
                0x00000000080010bc       0x44 Core/Src/stm32f4xx_hal_msp.o
                0x00000000080010bc                HAL_TIM_Base_MspInit
 .text.HAL_UART_MspInit
                0x0000000008001100      0x140 Core/Src/stm32f4xx_hal_msp.o
                0x0000000008001100                HAL_UART_MspInit
 .text.HAL_FMC_MspInit
                0x0000000008001240      0x124 Core/Src/stm32f4xx_hal_msp.o
 .text.HAL_SDRAM_MspInit
                0x0000000008001364       0x14 Core/Src/stm32f4xx_hal_msp.o
                0x0000000008001364                HAL_SDRAM_MspInit
 .text.HAL_InitTick
                0x0000000008001378       0xb4 Core/Src/stm32f4xx_hal_timebase_tim.o
                0x0000000008001378                HAL_InitTick
 .text.NMI_Handler
                0x000000000800142c        0xe Core/Src/stm32f4xx_it.o
                0x000000000800142c                NMI_Handler
 .text.HardFault_Handler
                0x000000000800143a        0x6 Core/Src/stm32f4xx_it.o
                0x000000000800143a                HardFault_Handler
 .text.MemManage_Handler
                0x0000000008001440        0x6 Core/Src/stm32f4xx_it.o
                0x0000000008001440                MemManage_Handler
 .text.BusFault_Handler
                0x0000000008001446        0x6 Core/Src/stm32f4xx_it.o
                0x0000000008001446                BusFault_Handler
 .text.UsageFault_Handler
                0x000000000800144c        0x6 Core/Src/stm32f4xx_it.o
                0x000000000800144c                UsageFault_Handler
 .text.SVC_Handler
                0x0000000008001452        0xe Core/Src/stm32f4xx_it.o
                0x0000000008001452                SVC_Handler
 .text.DebugMon_Handler
                0x0000000008001460        0xe Core/Src/stm32f4xx_it.o
                0x0000000008001460                DebugMon_Handler
 .text.PendSV_Handler
                0x000000000800146e        0xe Core/Src/stm32f4xx_it.o
                0x000000000800146e                PendSV_Handler
 .text.TIM6_DAC_IRQHandler
                0x000000000800147c       0x14 Core/Src/stm32f4xx_it.o
                0x000000000800147c                TIM6_DAC_IRQHandler
 .text.SystemInit
                0x0000000008001490       0x2c Core/Src/system_stm32f4xx.o
                0x0000000008001490                SystemInit
 .text.Reset_Handler
                0x00000000080014bc       0x50 Core/Startup/startup_stm32f429zitx.o
                0x00000000080014bc                Reset_Handler
 .text.Default_Handler
                0x000000000800150c        0x2 Core/Startup/startup_stm32f429zitx.o
                0x000000000800150c                RTC_Alarm_IRQHandler
                0x000000000800150c                HASH_RNG_IRQHandler
                0x000000000800150c                EXTI2_IRQHandler
                0x000000000800150c                TIM8_CC_IRQHandler
                0x000000000800150c                UART8_IRQHandler
                0x000000000800150c                SPI4_IRQHandler
                0x000000000800150c                TIM1_CC_IRQHandler
                0x000000000800150c                DMA2_Stream5_IRQHandler
                0x000000000800150c                DMA1_Stream5_IRQHandler
                0x000000000800150c                SysTick_Handler
                0x000000000800150c                PVD_IRQHandler
                0x000000000800150c                SDIO_IRQHandler
                0x000000000800150c                TAMP_STAMP_IRQHandler
                0x000000000800150c                CAN2_RX1_IRQHandler
                0x000000000800150c                EXTI3_IRQHandler
                0x000000000800150c                TIM8_TRG_COM_TIM14_IRQHandler
                0x000000000800150c                TIM1_UP_TIM10_IRQHandler
                0x000000000800150c                TIM8_UP_TIM13_IRQHandler
                0x000000000800150c                I2C3_ER_IRQHandler
                0x000000000800150c                EXTI0_IRQHandler
                0x000000000800150c                I2C2_EV_IRQHandler
                0x000000000800150c                DMA1_Stream2_IRQHandler
                0x000000000800150c                CAN1_RX0_IRQHandler
                0x000000000800150c                FPU_IRQHandler
                0x000000000800150c                OTG_HS_WKUP_IRQHandler
                0x000000000800150c                LTDC_ER_IRQHandler
                0x000000000800150c                CAN2_SCE_IRQHandler
                0x000000000800150c                DMA2_Stream2_IRQHandler
                0x000000000800150c                SPI1_IRQHandler
                0x000000000800150c                TIM1_BRK_TIM9_IRQHandler
                0x000000000800150c                DCMI_IRQHandler
                0x000000000800150c                CAN2_RX0_IRQHandler
                0x000000000800150c                DMA2_Stream3_IRQHandler
                0x000000000800150c                USART6_IRQHandler
                0x000000000800150c                USART3_IRQHandler
                0x000000000800150c                CAN1_RX1_IRQHandler
                0x000000000800150c                UART5_IRQHandler
                0x000000000800150c                DMA2_Stream0_IRQHandler
                0x000000000800150c                TIM4_IRQHandler
                0x000000000800150c                I2C1_EV_IRQHandler
                0x000000000800150c                DMA1_Stream6_IRQHandler
                0x000000000800150c                DMA1_Stream1_IRQHandler
                0x000000000800150c                UART4_IRQHandler
                0x000000000800150c                TIM3_IRQHandler
                0x000000000800150c                RCC_IRQHandler
                0x000000000800150c                TIM8_BRK_TIM12_IRQHandler
                0x000000000800150c                Default_Handler
                0x000000000800150c                EXTI15_10_IRQHandler
                0x000000000800150c                ADC_IRQHandler
                0x000000000800150c                DMA1_Stream7_IRQHandler
                0x000000000800150c                SPI5_IRQHandler
                0x000000000800150c                TIM7_IRQHandler
                0x000000000800150c                CAN2_TX_IRQHandler
                0x000000000800150c                TIM5_IRQHandler
                0x000000000800150c                DMA2_Stream7_IRQHandler
                0x000000000800150c                I2C3_EV_IRQHandler
                0x000000000800150c                EXTI9_5_IRQHandler
                0x000000000800150c                RTC_WKUP_IRQHandler
                0x000000000800150c                LTDC_IRQHandler
                0x000000000800150c                ETH_WKUP_IRQHandler
                0x000000000800150c                SPI2_IRQHandler
                0x000000000800150c                OTG_HS_EP1_IN_IRQHandler
                0x000000000800150c                DMA1_Stream0_IRQHandler
                0x000000000800150c                CAN1_TX_IRQHandler
                0x000000000800150c                EXTI4_IRQHandler
                0x000000000800150c                ETH_IRQHandler
                0x000000000800150c                OTG_HS_EP1_OUT_IRQHandler
                0x000000000800150c                WWDG_IRQHandler
                0x000000000800150c                SPI6_IRQHandler
                0x000000000800150c                TIM2_IRQHandler
                0x000000000800150c                OTG_FS_WKUP_IRQHandler
                0x000000000800150c                TIM1_TRG_COM_TIM11_IRQHandler
                0x000000000800150c                OTG_HS_IRQHandler
                0x000000000800150c                DMA2D_IRQHandler
                0x000000000800150c                EXTI1_IRQHandler
                0x000000000800150c                UART7_IRQHandler
                0x000000000800150c                USART2_IRQHandler
                0x000000000800150c                I2C2_ER_IRQHandler
                0x000000000800150c                DMA2_Stream1_IRQHandler
                0x000000000800150c                CAN1_SCE_IRQHandler
                0x000000000800150c                FLASH_IRQHandler
                0x000000000800150c                DMA2_Stream4_IRQHandler
                0x000000000800150c                USART1_IRQHandler
                0x000000000800150c                OTG_FS_IRQHandler
                0x000000000800150c                SPI3_IRQHandler
                0x000000000800150c                DMA1_Stream4_IRQHandler
                0x000000000800150c                I2C1_ER_IRQHandler
                0x000000000800150c                FMC_IRQHandler
                0x000000000800150c                DMA2_Stream6_IRQHandler
                0x000000000800150c                SAI1_IRQHandler
                0x000000000800150c                DMA1_Stream3_IRQHandler
 *fill*         0x000000000800150e        0x2 
 .text.S117_Write
                0x0000000008001510       0x64 Drivers/S117_Driver/S117.o
 .text.S117_Read
                0x0000000008001574       0x5c Drivers/S117_Driver/S117.o
 .text.S117_Init
                0x00000000080015d0      0x1f0 Drivers/S117_Driver/S117.o
                0x00000000080015d0                S117_Init
 .text.S117_EnableDigits
                0x00000000080017c0       0x2c Drivers/S117_Driver/S117.o
                0x00000000080017c0                S117_EnableDigits
 .text.S117_DP_Set
                0x00000000080017ec       0x2c Drivers/S117_Driver/S117.o
                0x00000000080017ec                S117_DP_Set
 .text.S117_AdjustBrightness
                0x0000000008001818       0x2c Drivers/S117_Driver/S117.o
                0x0000000008001818                S117_AdjustBrightness
 .text.S117_BlankConfig
                0x0000000008001844       0x3c Drivers/S117_Driver/S117.o
                0x0000000008001844                S117_BlankConfig
 .text.S117_StartBlank
                0x0000000008001880       0x38 Drivers/S117_Driver/S117.o
                0x0000000008001880                S117_StartBlank
 .text.S117_StopBlank
                0x00000000080018b8       0x38 Drivers/S117_Driver/S117.o
                0x00000000080018b8                S117_StopBlank
 .text.S117_PowerDown
                0x00000000080018f0       0x38 Drivers/S117_Driver/S117.o
                0x00000000080018f0                S117_PowerDown
 .text.S117_PowerUp
                0x0000000008001928       0x38 Drivers/S117_Driver/S117.o
                0x0000000008001928                S117_PowerUp
 .text.S117_StartTest
                0x0000000008001960       0x38 Drivers/S117_Driver/S117.o
                0x0000000008001960                S117_StartTest
 .text.S117_StopTest
                0x0000000008001998       0x38 Drivers/S117_Driver/S117.o
                0x0000000008001998                S117_StopTest
 .text.S117_Write_Num
                0x00000000080019d0       0xd8 Drivers/S117_Driver/S117.o
                0x00000000080019d0                S117_Write_Num
 .text.HAL_Init
                0x0000000008001aa8       0x44 Drivers/STM32F4xx_HAL_Driver/Src/stm32f4xx_hal.o
                0x0000000008001aa8                HAL_Init
 .text.HAL_IncTick
                0x0000000008001aec       0x28 Drivers/STM32F4xx_HAL_Driver/Src/stm32f4xx_hal.o
                0x0000000008001aec                HAL_IncTick
 .text.HAL_GetTick
                0x0000000008001b14       0x18 Drivers/STM32F4xx_HAL_Driver/Src/stm32f4xx_hal.o
                0x0000000008001b14                HAL_GetTick
 .text.__NVIC_SetPriorityGrouping
                0x0000000008001b2c       0x48 Drivers/STM32F4xx_HAL_Driver/Src/stm32f4xx_hal_cortex.o
 .text.__NVIC_GetPriorityGrouping
                0x0000000008001b74       0x1c Drivers/STM32F4xx_HAL_Driver/Src/stm32f4xx_hal_cortex.o
 .text.__NVIC_EnableIRQ
                0x0000000008001b90       0x3c Drivers/STM32F4xx_HAL_Driver/Src/stm32f4xx_hal_cortex.o
 .text.__NVIC_SetPriority
                0x0000000008001bcc       0x54 Drivers/STM32F4xx_HAL_Driver/Src/stm32f4xx_hal_cortex.o
 .text.NVIC_EncodePriority
                0x0000000008001c20       0x66 Drivers/STM32F4xx_HAL_Driver/Src/stm32f4xx_hal_cortex.o
 .text.HAL_NVIC_SetPriorityGrouping
                0x0000000008001c86       0x16 Drivers/STM32F4xx_HAL_Driver/Src/stm32f4xx_hal_cortex.o
                0x0000000008001c86                HAL_NVIC_SetPriorityGrouping
 .text.HAL_NVIC_SetPriority
                0x0000000008001c9c       0x38 Drivers/STM32F4xx_HAL_Driver/Src/stm32f4xx_hal_cortex.o
                0x0000000008001c9c                HAL_NVIC_SetPriority
 .text.HAL_NVIC_EnableIRQ
                0x0000000008001cd4       0x1c Drivers/STM32F4xx_HAL_Driver/Src/stm32f4xx_hal_cortex.o
                0x0000000008001cd4                HAL_NVIC_EnableIRQ
 .text.HAL_GPIO_Init
                0x0000000008001cf0      0x354 Drivers/STM32F4xx_HAL_Driver/Src/stm32f4xx_hal_gpio.o
                0x0000000008001cf0                HAL_GPIO_Init
 .text.HAL_GPIO_WritePin
                0x0000000008002044       0x32 Drivers/STM32F4xx_HAL_Driver/Src/stm32f4xx_hal_gpio.o
                0x0000000008002044                HAL_GPIO_WritePin
 *fill*         0x0000000008002076        0x2 
 .text.HAL_I2C_Init
                0x0000000008002078      0x270 Drivers/STM32F4xx_HAL_Driver/Src/stm32f4xx_hal_i2c.o
                0x0000000008002078                HAL_I2C_Init
 .text.HAL_I2CEx_ConfigAnalogFilter
                0x00000000080022e8       0x78 Drivers/STM32F4xx_HAL_Driver/Src/stm32f4xx_hal_i2c_ex.o
                0x00000000080022e8                HAL_I2CEx_ConfigAnalogFilter
 .text.HAL_I2CEx_ConfigDigitalFilter
                0x0000000008002360       0x7e Drivers/STM32F4xx_HAL_Driver/Src/stm32f4xx_hal_i2c_ex.o
                0x0000000008002360                HAL_I2CEx_ConfigDigitalFilter
 *fill*         0x00000000080023de        0x2 
 .text.HAL_RCC_OscConfig
                0x00000000080023e0      0x4e0 Drivers/STM32F4xx_HAL_Driver/Src/stm32f4xx_hal_rcc.o
                0x00000000080023e0                HAL_RCC_OscConfig
 .text.HAL_RCC_ClockConfig
                0x00000000080028c0      0x1cc Drivers/STM32F4xx_HAL_Driver/Src/stm32f4xx_hal_rcc.o
                0x00000000080028c0                HAL_RCC_ClockConfig
 .text.HAL_RCC_GetSysClockFreq
                0x0000000008002a8c      0x1b0 Drivers/STM32F4xx_HAL_Driver/Src/stm32f4xx_hal_rcc.o
                0x0000000008002a8c                HAL_RCC_GetSysClockFreq
 .text.HAL_RCC_GetHCLKFreq
                0x0000000008002c3c       0x18 Drivers/STM32F4xx_HAL_Driver/Src/stm32f4xx_hal_rcc.o
                0x0000000008002c3c                HAL_RCC_GetHCLKFreq
 .text.HAL_RCC_GetPCLK1Freq
                0x0000000008002c54       0x28 Drivers/STM32F4xx_HAL_Driver/Src/stm32f4xx_hal_rcc.o
                0x0000000008002c54                HAL_RCC_GetPCLK1Freq
 .text.HAL_RCC_GetPCLK2Freq
                0x0000000008002c7c       0x28 Drivers/STM32F4xx_HAL_Driver/Src/stm32f4xx_hal_rcc.o
                0x0000000008002c7c                HAL_RCC_GetPCLK2Freq
 .text.HAL_RCC_GetClockConfig
                0x0000000008002ca4       0x64 Drivers/STM32F4xx_HAL_Driver/Src/stm32f4xx_hal_rcc.o
                0x0000000008002ca4                HAL_RCC_GetClockConfig
 .text.HAL_SDRAM_Init
                0x0000000008002d08       0x68 Drivers/STM32F4xx_HAL_Driver/Src/stm32f4xx_hal_sdram.o
                0x0000000008002d08                HAL_SDRAM_Init
 .text.HAL_SPI_Init
                0x0000000008002d70       0xc8 Drivers/STM32F4xx_HAL_Driver/Src/stm32f4xx_hal_spi.o
                0x0000000008002d70                HAL_SPI_Init
 .text.HAL_SPI_TransmitReceive
                0x0000000008002e38      0x344 Drivers/STM32F4xx_HAL_Driver/Src/stm32f4xx_hal_spi.o
                0x0000000008002e38                HAL_SPI_TransmitReceive
 .text.SPI_WaitFlagStateUntilTimeout
                0x000000000800317c       0xd4 Drivers/STM32F4xx_HAL_Driver/Src/stm32f4xx_hal_spi.o
 .text.SPI_EndRxTxTransaction
                0x0000000008003250       0x84 Drivers/STM32F4xx_HAL_Driver/Src/stm32f4xx_hal_spi.o
 .text.HAL_TIM_Base_Init
                0x00000000080032d4       0x56 Drivers/STM32F4xx_HAL_Driver/Src/stm32f4xx_hal_tim.o
                0x00000000080032d4                HAL_TIM_Base_Init
 .text.HAL_TIM_Base_Start_IT
                0x000000000800332a       0x48 Drivers/STM32F4xx_HAL_Driver/Src/stm32f4xx_hal_tim.o
                0x000000000800332a                HAL_TIM_Base_Start_IT
 .text.HAL_TIM_IRQHandler
                0x0000000008003372      0x210 Drivers/STM32F4xx_HAL_Driver/Src/stm32f4xx_hal_tim.o
                0x0000000008003372                HAL_TIM_IRQHandler
 .text.HAL_TIM_ConfigClockSource
                0x0000000008003582      0x16e Drivers/STM32F4xx_HAL_Driver/Src/stm32f4xx_hal_tim.o
                0x0000000008003582                HAL_TIM_ConfigClockSource
 .text.HAL_TIM_OC_DelayElapsedCallback
                0x00000000080036f0       0x14 Drivers/STM32F4xx_HAL_Driver/Src/stm32f4xx_hal_tim.o
                0x00000000080036f0                HAL_TIM_OC_DelayElapsedCallback
 .text.HAL_TIM_IC_CaptureCallback
                0x0000000008003704       0x14 Drivers/STM32F4xx_HAL_Driver/Src/stm32f4xx_hal_tim.o
                0x0000000008003704                HAL_TIM_IC_CaptureCallback
 .text.HAL_TIM_PWM_PulseFinishedCallback
                0x0000000008003718       0x14 Drivers/STM32F4xx_HAL_Driver/Src/stm32f4xx_hal_tim.o
                0x0000000008003718                HAL_TIM_PWM_PulseFinishedCallback
 .text.HAL_TIM_TriggerCallback
                0x000000000800372c       0x14 Drivers/STM32F4xx_HAL_Driver/Src/stm32f4xx_hal_tim.o
                0x000000000800372c                HAL_TIM_TriggerCallback
 .text.TIM_Base_SetConfig
                0x0000000008003740      0x140 Drivers/STM32F4xx_HAL_Driver/Src/stm32f4xx_hal_tim.o
                0x0000000008003740                TIM_Base_SetConfig
 .text.TIM_TI1_ConfigInputStage
                0x0000000008003880       0x5e Drivers/STM32F4xx_HAL_Driver/Src/stm32f4xx_hal_tim.o
 .text.TIM_TI2_ConfigInputStage
                0x00000000080038de       0x60 Drivers/STM32F4xx_HAL_Driver/Src/stm32f4xx_hal_tim.o
 .text.TIM_ITRx_SetConfig
                0x000000000800393e       0x36 Drivers/STM32F4xx_HAL_Driver/Src/stm32f4xx_hal_tim.o
 .text.TIM_ETR_SetConfig
                0x0000000008003974       0x40 Drivers/STM32F4xx_HAL_Driver/Src/stm32f4xx_hal_tim.o
                0x0000000008003974                TIM_ETR_SetConfig
 .text.HAL_TIMEx_MasterConfigSynchronization
                0x00000000080039b4       0xf8 Drivers/STM32F4xx_HAL_Driver/Src/stm32f4xx_hal_tim_ex.o
                0x00000000080039b4                HAL_TIMEx_MasterConfigSynchronization
 .text.HAL_TIMEx_CommutCallback
                0x0000000008003aac       0x14 Drivers/STM32F4xx_HAL_Driver/Src/stm32f4xx_hal_tim_ex.o
                0x0000000008003aac                HAL_TIMEx_CommutCallback
 .text.HAL_TIMEx_BreakCallback
                0x0000000008003ac0       0x14 Drivers/STM32F4xx_HAL_Driver/Src/stm32f4xx_hal_tim_ex.o
                0x0000000008003ac0                HAL_TIMEx_BreakCallback
 .text.HAL_UART_Init
                0x0000000008003ad4       0x9a Drivers/STM32F4xx_HAL_Driver/Src/stm32f4xx_hal_uart.o
                0x0000000008003ad4                HAL_UART_Init
 *fill*         0x0000000008003b6e        0x2 
 .text.UART_SetConfig
                0x0000000008003b70      0x6f8 Drivers/STM32F4xx_HAL_Driver/Src/stm32f4xx_hal_uart.o
 .text.FMC_SDRAM_Init
                0x0000000008004268       0xe6 Drivers/STM32F4xx_HAL_Driver/Src/stm32f4xx_ll_fmc.o
                0x0000000008004268                FMC_SDRAM_Init
 .text.FMC_SDRAM_Timing_Init
                0x000000000800434e       0xfe Drivers/STM32F4xx_HAL_Driver/Src/stm32f4xx_ll_fmc.o
                0x000000000800434e                FMC_SDRAM_Timing_Init
 .text.__libc_init_array
                0x000000000800444c       0x48 c:/st/stm32cubeide_1.3.0/stm32cubeide/plugins/com.st.stm32cube.ide.mcu.externaltools.gnu-tools-for-stm32.7-2018-q2-update.win32_1.0.0.201904181610/tools/bin/../lib/gcc/arm-none-eabi/7.3.1/../../../../arm-none-eabi/lib/thumb/v7e-m/fpv4-sp/hard\libc_nano.a(lib_a-init.o)
                0x000000000800444c                __libc_init_array
 .text.memset   0x0000000008004494       0x10 c:/st/stm32cubeide_1.3.0/stm32cubeide/plugins/com.st.stm32cube.ide.mcu.externaltools.gnu-tools-for-stm32.7-2018-q2-update.win32_1.0.0.201904181610/tools/bin/../lib/gcc/arm-none-eabi/7.3.1/../../../../arm-none-eabi/lib/thumb/v7e-m/fpv4-sp/hard\libc_nano.a(lib_a-memset.o)
                0x0000000008004494                memset
 *(.glue_7)
 .glue_7        0x00000000080044a4        0x0 linker stubs
 *(.glue_7t)
 .glue_7t       0x00000000080044a4        0x0 linker stubs
 *(.eh_frame)
 .eh_frame      0x00000000080044a4        0x0 c:/st/stm32cubeide_1.3.0/stm32cubeide/plugins/com.st.stm32cube.ide.mcu.externaltools.gnu-tools-for-stm32.7-2018-q2-update.win32_1.0.0.201904181610/tools/bin/../lib/gcc/arm-none-eabi/7.3.1/thumb/v7e-m/fpv4-sp/hard/crtbegin.o
 *(.init)
 .init          0x00000000080044a4        0x4 c:/st/stm32cubeide_1.3.0/stm32cubeide/plugins/com.st.stm32cube.ide.mcu.externaltools.gnu-tools-for-stm32.7-2018-q2-update.win32_1.0.0.201904181610/tools/bin/../lib/gcc/arm-none-eabi/7.3.1/thumb/v7e-m/fpv4-sp/hard/crti.o
                0x00000000080044a4                _init
 .init          0x00000000080044a8        0x8 c:/st/stm32cubeide_1.3.0/stm32cubeide/plugins/com.st.stm32cube.ide.mcu.externaltools.gnu-tools-for-stm32.7-2018-q2-update.win32_1.0.0.201904181610/tools/bin/../lib/gcc/arm-none-eabi/7.3.1/thumb/v7e-m/fpv4-sp/hard/crtn.o
 *(.fini)
 .fini          0x00000000080044b0        0x4 c:/st/stm32cubeide_1.3.0/stm32cubeide/plugins/com.st.stm32cube.ide.mcu.externaltools.gnu-tools-for-stm32.7-2018-q2-update.win32_1.0.0.201904181610/tools/bin/../lib/gcc/arm-none-eabi/7.3.1/thumb/v7e-m/fpv4-sp/hard/crti.o
                0x00000000080044b0                _fini
 .fini          0x00000000080044b4        0x8 c:/st/stm32cubeide_1.3.0/stm32cubeide/plugins/com.st.stm32cube.ide.mcu.externaltools.gnu-tools-for-stm32.7-2018-q2-update.win32_1.0.0.201904181610/tools/bin/../lib/gcc/arm-none-eabi/7.3.1/thumb/v7e-m/fpv4-sp/hard/crtn.o
                0x00000000080044bc                . = ALIGN (0x4)
                0x00000000080044bc                _etext = .

.vfp11_veneer   0x00000000080044bc        0x0
 .vfp11_veneer  0x00000000080044bc        0x0 linker stubs

.v4_bx          0x00000000080044bc        0x0
 .v4_bx         0x00000000080044bc        0x0 linker stubs

.iplt           0x00000000080044bc        0x0
 .iplt          0x00000000080044bc        0x0 c:/st/stm32cubeide_1.3.0/stm32cubeide/plugins/com.st.stm32cube.ide.mcu.externaltools.gnu-tools-for-stm32.7-2018-q2-update.win32_1.0.0.201904181610/tools/bin/../lib/gcc/arm-none-eabi/7.3.1/thumb/v7e-m/fpv4-sp/hard/crtbegin.o

.rodata         0x00000000080044bc       0x18
                0x00000000080044bc                . = ALIGN (0x4)
 *(.rodata)
 *(.rodata*)
 .rodata.AHBPrescTable
                0x00000000080044bc       0x10 Core/Src/system_stm32f4xx.o
                0x00000000080044bc                AHBPrescTable
 .rodata.APBPrescTable
                0x00000000080044cc        0x8 Core/Src/system_stm32f4xx.o
                0x00000000080044cc                APBPrescTable
                0x00000000080044d4                . = ALIGN (0x4)

.ARM.extab      0x00000000080044d4        0x0
                0x00000000080044d4                . = ALIGN (0x4)
 *(.ARM.extab* .gnu.linkonce.armextab.*)
                0x00000000080044d4                . = ALIGN (0x4)

.ARM            0x00000000080044d4        0x8
                0x00000000080044d4                . = ALIGN (0x4)
                0x00000000080044d4                __exidx_start = .
 *(.ARM.exidx*)
 .ARM.exidx     0x00000000080044d4        0x8 c:/st/stm32cubeide_1.3.0/stm32cubeide/plugins/com.st.stm32cube.ide.mcu.externaltools.gnu-tools-for-stm32.7-2018-q2-update.win32_1.0.0.201904181610/tools/bin/../lib/gcc/arm-none-eabi/7.3.1/thumb/v7e-m/fpv4-sp/hard\libgcc.a(_udivmoddi4.o)
                0x00000000080044dc                __exidx_end = .
                0x00000000080044dc                . = ALIGN (0x4)

.rel.dyn        0x00000000080044dc        0x0
 .rel.iplt      0x00000000080044dc        0x0 c:/st/stm32cubeide_1.3.0/stm32cubeide/plugins/com.st.stm32cube.ide.mcu.externaltools.gnu-tools-for-stm32.7-2018-q2-update.win32_1.0.0.201904181610/tools/bin/../lib/gcc/arm-none-eabi/7.3.1/thumb/v7e-m/fpv4-sp/hard/crtbegin.o

.preinit_array  0x00000000080044dc        0x0
                0x00000000080044dc                . = ALIGN (0x4)
                0x00000000080044dc                PROVIDE (__preinit_array_start = .)
 *(.preinit_array*)
                0x00000000080044dc                PROVIDE (__preinit_array_end = .)
                0x00000000080044dc                . = ALIGN (0x4)

.init_array     0x00000000080044dc        0x4
                0x00000000080044dc                . = ALIGN (0x4)
                0x00000000080044dc                PROVIDE (__init_array_start = .)
 *(SORT_BY_NAME(.init_array.*))
 *(.init_array*)
 .init_array    0x00000000080044dc        0x4 c:/st/stm32cubeide_1.3.0/stm32cubeide/plugins/com.st.stm32cube.ide.mcu.externaltools.gnu-tools-for-stm32.7-2018-q2-update.win32_1.0.0.201904181610/tools/bin/../lib/gcc/arm-none-eabi/7.3.1/thumb/v7e-m/fpv4-sp/hard/crtbegin.o
                0x00000000080044e0                PROVIDE (__init_array_end = .)
                0x00000000080044e0                . = ALIGN (0x4)

.fini_array     0x00000000080044e0        0x4
                0x00000000080044e0                . = ALIGN (0x4)
                [!provide]                        PROVIDE (__fini_array_start = .)
 *(SORT_BY_NAME(.fini_array.*))
 *(.fini_array*)
 .fini_array    0x00000000080044e0        0x4 c:/st/stm32cubeide_1.3.0/stm32cubeide/plugins/com.st.stm32cube.ide.mcu.externaltools.gnu-tools-for-stm32.7-2018-q2-update.win32_1.0.0.201904181610/tools/bin/../lib/gcc/arm-none-eabi/7.3.1/thumb/v7e-m/fpv4-sp/hard/crtbegin.o
                [!provide]                        PROVIDE (__fini_array_end = .)
                0x00000000080044e4                . = ALIGN (0x4)
                0x00000000080044e4                _sidata = LOADADDR (.data)

.data           0x0000000020000000        0xc load address 0x00000000080044e4
                0x0000000020000000                . = ALIGN (0x4)
                0x0000000020000000                _sdata = .
 *(.data)
 *(.data*)
 .data.SystemCoreClock
                0x0000000020000000        0x4 Core/Src/system_stm32f4xx.o
                0x0000000020000000                SystemCoreClock
 .data.uwTickPrio
                0x0000000020000004        0x4 Drivers/STM32F4xx_HAL_Driver/Src/stm32f4xx_hal.o
                0x0000000020000004                uwTickPrio
 .data.uwTickFreq
                0x0000000020000008        0x1 Drivers/STM32F4xx_HAL_Driver/Src/stm32f4xx_hal.o
                0x0000000020000008                uwTickFreq
                0x000000002000000c                . = ALIGN (0x4)
 *fill*         0x0000000020000009        0x3 
                0x000000002000000c                _edata = .

.igot.plt       0x000000002000000c        0x0 load address 0x00000000080044f0
 .igot.plt      0x000000002000000c        0x0 c:/st/stm32cubeide_1.3.0/stm32cubeide/plugins/com.st.stm32cube.ide.mcu.externaltools.gnu-tools-for-stm32.7-2018-q2-update.win32_1.0.0.201904181610/tools/bin/../lib/gcc/arm-none-eabi/7.3.1/thumb/v7e-m/fpv4-sp/hard/crtbegin.o
                0x000000002000000c                . = ALIGN (0x4)

.bss            0x000000002000000c      0x260 load address 0x00000000080044f0
                0x000000002000000c                _sbss = .
                0x000000002000000c                __bss_start__ = _sbss
 *(.bss)
 .bss           0x000000002000000c       0x1c c:/st/stm32cubeide_1.3.0/stm32cubeide/plugins/com.st.stm32cube.ide.mcu.externaltools.gnu-tools-for-stm32.7-2018-q2-update.win32_1.0.0.201904181610/tools/bin/../lib/gcc/arm-none-eabi/7.3.1/thumb/v7e-m/fpv4-sp/hard/crtbegin.o
 *(.bss*)
 .bss.FMC_Initialized
                0x0000000020000028        0x4 Core/Src/stm32f4xx_hal_msp.o
 .bss.SPI_handle
                0x000000002000002c        0x4 Drivers/S117_Driver/S117.o
                0x000000002000002c                SPI_handle
 *(COMMON)
 COMMON         0x0000000020000030      0x1f8 Core/Src/main.o
                0x0000000020000030                hi2c3
                0x0000000020000084                hspi5
                0x00000000200000dc                huart5
                0x000000002000011c                huart1
                0x000000002000015c                hspi4
                0x00000000200001b4                htim1
                0x00000000200001f4                hsdram1
 COMMON         0x0000000020000228       0x40 Core/Src/stm32f4xx_hal_timebase_tim.o
                0x0000000020000228                htim6
 COMMON         0x0000000020000268        0x4 Drivers/STM32F4xx_HAL_Driver/Src/stm32f4xx_hal.o
                0x0000000020000268                uwTick
                0x000000002000026c                . = ALIGN (0x4)
                0x000000002000026c                _ebss = .
                0x000000002000026c                __bss_end__ = _ebss

._user_heap_stack
                0x000000002000026c      0x604 load address 0x00000000080044f0
                0x0000000020000270                . = ALIGN (0x8)
 *fill*         0x000000002000026c        0x4 
                0x0000000020000270                PROVIDE (end = .)
                [!provide]                        PROVIDE (_end = .)
                0x0000000020000470                . = (. + _Min_Heap_Size)
 *fill*         0x0000000020000270      0x200 
                0x0000000020000870                . = (. + _Min_Stack_Size)
 *fill*         0x0000000020000470      0x400 
                0x0000000020000870                . = ALIGN (0x8)

/DISCARD/
 libc.a(*)
 libm.a(*)
 libgcc.a(*)

.ARM.attributes
                0x0000000000000000       0x30
 *(.ARM.attributes)
 .ARM.attributes
                0x0000000000000000       0x22 c:/st/stm32cubeide_1.3.0/stm32cubeide/plugins/com.st.stm32cube.ide.mcu.externaltools.gnu-tools-for-stm32.7-2018-q2-update.win32_1.0.0.201904181610/tools/bin/../lib/gcc/arm-none-eabi/7.3.1/thumb/v7e-m/fpv4-sp/hard/crti.o
 .ARM.attributes
                0x0000000000000022       0x34 c:/st/stm32cubeide_1.3.0/stm32cubeide/plugins/com.st.stm32cube.ide.mcu.externaltools.gnu-tools-for-stm32.7-2018-q2-update.win32_1.0.0.201904181610/tools/bin/../lib/gcc/arm-none-eabi/7.3.1/thumb/v7e-m/fpv4-sp/hard/crtbegin.o
 .ARM.attributes
                0x0000000000000056       0x39 Core/Src/main.o
 .ARM.attributes
                0x000000000000008f       0x39 Core/Src/stm32f4xx_hal_msp.o
 .ARM.attributes
                0x00000000000000c8       0x39 Core/Src/stm32f4xx_hal_timebase_tim.o
 .ARM.attributes
                0x0000000000000101       0x39 Core/Src/stm32f4xx_it.o
 .ARM.attributes
                0x000000000000013a       0x39 Core/Src/system_stm32f4xx.o
 .ARM.attributes
                0x0000000000000173       0x21 Core/Startup/startup_stm32f429zitx.o
 .ARM.attributes
                0x0000000000000194       0x39 Drivers/S117_Driver/S117.o
 .ARM.attributes
                0x00000000000001cd       0x39 Drivers/STM32F4xx_HAL_Driver/Src/stm32f4xx_hal.o
 .ARM.attributes
                0x0000000000000206       0x39 Drivers/STM32F4xx_HAL_Driver/Src/stm32f4xx_hal_cortex.o
 .ARM.attributes
                0x000000000000023f       0x39 Drivers/STM32F4xx_HAL_Driver/Src/stm32f4xx_hal_gpio.o
 .ARM.attributes
                0x0000000000000278       0x39 Drivers/STM32F4xx_HAL_Driver/Src/stm32f4xx_hal_i2c.o
 .ARM.attributes
                0x00000000000002b1       0x39 Drivers/STM32F4xx_HAL_Driver/Src/stm32f4xx_hal_i2c_ex.o
 .ARM.attributes
                0x00000000000002ea       0x39 Drivers/STM32F4xx_HAL_Driver/Src/stm32f4xx_hal_rcc.o
 .ARM.attributes
                0x0000000000000323       0x39 Drivers/STM32F4xx_HAL_Driver/Src/stm32f4xx_hal_sdram.o
 .ARM.attributes
                0x000000000000035c       0x39 Drivers/STM32F4xx_HAL_Driver/Src/stm32f4xx_hal_spi.o
 .ARM.attributes
                0x0000000000000395       0x39 Drivers/STM32F4xx_HAL_Driver/Src/stm32f4xx_hal_tim.o
 .ARM.attributes
                0x00000000000003ce       0x39 Drivers/STM32F4xx_HAL_Driver/Src/stm32f4xx_hal_tim_ex.o
 .ARM.attributes
                0x0000000000000407       0x39 Drivers/STM32F4xx_HAL_Driver/Src/stm32f4xx_hal_uart.o
 .ARM.attributes
                0x0000000000000440       0x39 Drivers/STM32F4xx_HAL_Driver/Src/stm32f4xx_ll_fmc.o
 .ARM.attributes
                0x0000000000000479       0x34 c:/st/stm32cubeide_1.3.0/stm32cubeide/plugins/com.st.stm32cube.ide.mcu.externaltools.gnu-tools-for-stm32.7-2018-q2-update.win32_1.0.0.201904181610/tools/bin/../lib/gcc/arm-none-eabi/7.3.1/../../../../arm-none-eabi/lib/thumb/v7e-m/fpv4-sp/hard\libc_nano.a(lib_a-init.o)
 .ARM.attributes
                0x00000000000004ad       0x34 c:/st/stm32cubeide_1.3.0/stm32cubeide/plugins/com.st.stm32cube.ide.mcu.externaltools.gnu-tools-for-stm32.7-2018-q2-update.win32_1.0.0.201904181610/tools/bin/../lib/gcc/arm-none-eabi/7.3.1/../../../../arm-none-eabi/lib/thumb/v7e-m/fpv4-sp/hard\libc_nano.a(lib_a-memset.o)
 .ARM.attributes
                0x00000000000004e1       0x22 c:/st/stm32cubeide_1.3.0/stm32cubeide/plugins/com.st.stm32cube.ide.mcu.externaltools.gnu-tools-for-stm32.7-2018-q2-update.win32_1.0.0.201904181610/tools/bin/../lib/gcc/arm-none-eabi/7.3.1/thumb/v7e-m/fpv4-sp/hard\libgcc.a(_aeabi_uldivmod.o)
 .ARM.attributes
                0x0000000000000503       0x34 c:/st/stm32cubeide_1.3.0/stm32cubeide/plugins/com.st.stm32cube.ide.mcu.externaltools.gnu-tools-for-stm32.7-2018-q2-update.win32_1.0.0.201904181610/tools/bin/../lib/gcc/arm-none-eabi/7.3.1/thumb/v7e-m/fpv4-sp/hard\libgcc.a(_udivmoddi4.o)
 .ARM.attributes
                0x0000000000000537       0x22 c:/st/stm32cubeide_1.3.0/stm32cubeide/plugins/com.st.stm32cube.ide.mcu.externaltools.gnu-tools-for-stm32.7-2018-q2-update.win32_1.0.0.201904181610/tools/bin/../lib/gcc/arm-none-eabi/7.3.1/thumb/v7e-m/fpv4-sp/hard\libgcc.a(_dvmd_tls.o)
 .ARM.attributes
                0x0000000000000559       0x22 c:/st/stm32cubeide_1.3.0/stm32cubeide/plugins/com.st.stm32cube.ide.mcu.externaltools.gnu-tools-for-stm32.7-2018-q2-update.win32_1.0.0.201904181610/tools/bin/../lib/gcc/arm-none-eabi/7.3.1/thumb/v7e-m/fpv4-sp/hard/crtn.o
OUTPUT(fpga_test.elf elf32-littlearm)

.debug_info     0x0000000000000000    0x130b2
 .debug_info    0x0000000000000000     0x2294 Core/Src/main.o
 .debug_info    0x0000000000002294     0x1534 Core/Src/stm32f4xx_hal_msp.o
 .debug_info    0x00000000000037c8      0xb7d Core/Src/stm32f4xx_hal_timebase_tim.o
 .debug_info    0x0000000000004345      0x6da Core/Src/stm32f4xx_it.o
 .debug_info    0x0000000000004a1f      0x56e Core/Src/system_stm32f4xx.o
 .debug_info    0x0000000000004f8d       0x22 Core/Startup/startup_stm32f429zitx.o
 .debug_info    0x0000000000004faf     0x12f5 Drivers/S117_Driver/S117.o
 .debug_info    0x00000000000062a4      0x9b9 Drivers/STM32F4xx_HAL_Driver/Src/stm32f4xx_hal.o
 .debug_info    0x0000000000006c5d      0xe5e Drivers/STM32F4xx_HAL_Driver/Src/stm32f4xx_hal_cortex.o
 .debug_info    0x0000000000007abb      0x7cf Drivers/STM32F4xx_HAL_Driver/Src/stm32f4xx_hal_gpio.o
 .debug_info    0x000000000000828a     0x23c2 Drivers/STM32F4xx_HAL_Driver/Src/stm32f4xx_hal_i2c.o
 .debug_info    0x000000000000a64c      0x71d Drivers/STM32F4xx_HAL_Driver/Src/stm32f4xx_hal_i2c_ex.o
 .debug_info    0x000000000000ad69      0x91e Drivers/STM32F4xx_HAL_Driver/Src/stm32f4xx_hal_rcc.o
 .debug_info    0x000000000000b687      0xc9a Drivers/STM32F4xx_HAL_Driver/Src/stm32f4xx_hal_sdram.o
 .debug_info    0x000000000000c321     0x163a Drivers/STM32F4xx_HAL_Driver/Src/stm32f4xx_hal_spi.o
 .debug_info    0x000000000000d95b     0x24a9 Drivers/STM32F4xx_HAL_Driver/Src/stm32f4xx_hal_tim.o
 .debug_info    0x000000000000fe04     0x1157 Drivers/STM32F4xx_HAL_Driver/Src/stm32f4xx_hal_tim_ex.o
 .debug_info    0x0000000000010f5b     0x124c Drivers/STM32F4xx_HAL_Driver/Src/stm32f4xx_hal_uart.o
 .debug_info    0x00000000000121a7      0xf0b Drivers/STM32F4xx_HAL_Driver/Src/stm32f4xx_ll_fmc.o

.debug_abbrev   0x0000000000000000     0x2469
 .debug_abbrev  0x0000000000000000      0x2d7 Core/Src/main.o
 .debug_abbrev  0x00000000000002d7      0x21d Core/Src/stm32f4xx_hal_msp.o
 .debug_abbrev  0x00000000000004f4      0x19d Core/Src/stm32f4xx_hal_timebase_tim.o
 .debug_abbrev  0x0000000000000691      0x15a Core/Src/stm32f4xx_it.o
 .debug_abbrev  0x00000000000007eb      0x12b Core/Src/system_stm32f4xx.o
 .debug_abbrev  0x0000000000000916       0x12 Core/Startup/startup_stm32f429zitx.o
 .debug_abbrev  0x0000000000000928      0x25e Drivers/S117_Driver/S117.o
 .debug_abbrev  0x0000000000000b86      0x1c7 Drivers/STM32F4xx_HAL_Driver/Src/stm32f4xx_hal.o
 .debug_abbrev  0x0000000000000d4d      0x2fa Drivers/STM32F4xx_HAL_Driver/Src/stm32f4xx_hal_cortex.o
 .debug_abbrev  0x0000000000001047      0x1c9 Drivers/STM32F4xx_HAL_Driver/Src/stm32f4xx_hal_gpio.o
 .debug_abbrev  0x0000000000001210      0x254 Drivers/STM32F4xx_HAL_Driver/Src/stm32f4xx_hal_i2c.o
 .debug_abbrev  0x0000000000001464      0x16d Drivers/STM32F4xx_HAL_Driver/Src/stm32f4xx_hal_i2c_ex.o
 .debug_abbrev  0x00000000000015d1      0x245 Drivers/STM32F4xx_HAL_Driver/Src/stm32f4xx_hal_rcc.o
 .debug_abbrev  0x0000000000001816      0x1f7 Drivers/STM32F4xx_HAL_Driver/Src/stm32f4xx_hal_sdram.o
 .debug_abbrev  0x0000000000001a0d      0x240 Drivers/STM32F4xx_HAL_Driver/Src/stm32f4xx_hal_spi.o
 .debug_abbrev  0x0000000000001c4d      0x230 Drivers/STM32F4xx_HAL_Driver/Src/stm32f4xx_hal_tim.o
 .debug_abbrev  0x0000000000001e7d      0x21e Drivers/STM32F4xx_HAL_Driver/Src/stm32f4xx_hal_tim_ex.o
 .debug_abbrev  0x000000000000209b      0x242 Drivers/STM32F4xx_HAL_Driver/Src/stm32f4xx_hal_uart.o
 .debug_abbrev  0x00000000000022dd      0x18c Drivers/STM32F4xx_HAL_Driver/Src/stm32f4xx_ll_fmc.o

.debug_aranges  0x0000000000000000     0x12b8
 .debug_aranges
                0x0000000000000000       0xc0 Core/Src/main.o
 .debug_aranges
                0x00000000000000c0       0x80 Core/Src/stm32f4xx_hal_msp.o
 .debug_aranges
                0x0000000000000140       0x30 Core/Src/stm32f4xx_hal_timebase_tim.o
 .debug_aranges
                0x0000000000000170       0x60 Core/Src/stm32f4xx_it.o
 .debug_aranges
                0x00000000000001d0       0x28 Core/Src/system_stm32f4xx.o
 .debug_aranges
                0x00000000000001f8       0x28 Core/Startup/startup_stm32f429zitx.o
 .debug_aranges
                0x0000000000000220       0x88 Drivers/S117_Driver/S117.o
 .debug_aranges
                0x00000000000002a8      0x100 Drivers/STM32F4xx_HAL_Driver/Src/stm32f4xx_hal.o
 .debug_aranges
                0x00000000000003a8      0x118 Drivers/STM32F4xx_HAL_Driver/Src/stm32f4xx_hal_cortex.o
 .debug_aranges
                0x00000000000004c0       0x58 Drivers/STM32F4xx_HAL_Driver/Src/stm32f4xx_hal_gpio.o
 .debug_aranges
                0x0000000000000518      0x298 Drivers/STM32F4xx_HAL_Driver/Src/stm32f4xx_hal_i2c.o
 .debug_aranges
                0x00000000000007b0       0x28 Drivers/STM32F4xx_HAL_Driver/Src/stm32f4xx_hal_i2c_ex.o
 .debug_aranges
                0x00000000000007d8       0x88 Drivers/STM32F4xx_HAL_Driver/Src/stm32f4xx_hal_rcc.o
 .debug_aranges
                0x0000000000000860       0xd0 Drivers/STM32F4xx_HAL_Driver/Src/stm32f4xx_hal_sdram.o
 .debug_aranges
                0x0000000000000930      0x1d0 Drivers/STM32F4xx_HAL_Driver/Src/stm32f4xx_hal_spi.o
 .debug_aranges
                0x0000000000000b00      0x3a8 Drivers/STM32F4xx_HAL_Driver/Src/stm32f4xx_hal_tim.o
 .debug_aranges
                0x0000000000000ea8      0x150 Drivers/STM32F4xx_HAL_Driver/Src/stm32f4xx_hal_tim_ex.o
 .debug_aranges
                0x0000000000000ff8      0x1d0 Drivers/STM32F4xx_HAL_Driver/Src/stm32f4xx_hal_uart.o
 .debug_aranges
                0x00000000000011c8       0xf0 Drivers/STM32F4xx_HAL_Driver/Src/stm32f4xx_ll_fmc.o

.debug_ranges   0x0000000000000000     0x11b0
 .debug_ranges  0x0000000000000000       0xb0 Core/Src/main.o
 .debug_ranges  0x00000000000000b0       0x70 Core/Src/stm32f4xx_hal_msp.o
 .debug_ranges  0x0000000000000120       0x20 Core/Src/stm32f4xx_hal_timebase_tim.o
 .debug_ranges  0x0000000000000140       0x50 Core/Src/stm32f4xx_it.o
 .debug_ranges  0x0000000000000190       0x18 Core/Src/system_stm32f4xx.o
 .debug_ranges  0x00000000000001a8       0x20 Core/Startup/startup_stm32f429zitx.o
 .debug_ranges  0x00000000000001c8       0x78 Drivers/S117_Driver/S117.o
 .debug_ranges  0x0000000000000240       0xf0 Drivers/STM32F4xx_HAL_Driver/Src/stm32f4xx_hal.o
 .debug_ranges  0x0000000000000330      0x108 Drivers/STM32F4xx_HAL_Driver/Src/stm32f4xx_hal_cortex.o
 .debug_ranges  0x0000000000000438       0x48 Drivers/STM32F4xx_HAL_Driver/Src/stm32f4xx_hal_gpio.o
 .debug_ranges  0x0000000000000480      0x2a8 Drivers/STM32F4xx_HAL_Driver/Src/stm32f4xx_hal_i2c.o
 .debug_ranges  0x0000000000000728       0x18 Drivers/STM32F4xx_HAL_Driver/Src/stm32f4xx_hal_i2c_ex.o
 .debug_ranges  0x0000000000000740       0x78 Drivers/STM32F4xx_HAL_Driver/Src/stm32f4xx_hal_rcc.o
 .debug_ranges  0x00000000000007b8       0xc0 Drivers/STM32F4xx_HAL_Driver/Src/stm32f4xx_hal_sdram.o
 .debug_ranges  0x0000000000000878      0x1c0 Drivers/STM32F4xx_HAL_Driver/Src/stm32f4xx_hal_spi.o
 .debug_ranges  0x0000000000000a38      0x398 Drivers/STM32F4xx_HAL_Driver/Src/stm32f4xx_hal_tim.o
 .debug_ranges  0x0000000000000dd0      0x140 Drivers/STM32F4xx_HAL_Driver/Src/stm32f4xx_hal_tim_ex.o
 .debug_ranges  0x0000000000000f10      0x1c0 Drivers/STM32F4xx_HAL_Driver/Src/stm32f4xx_hal_uart.o
 .debug_ranges  0x00000000000010d0       0xe0 Drivers/STM32F4xx_HAL_Driver/Src/stm32f4xx_ll_fmc.o

.debug_macro    0x0000000000000000    0x2574d
 .debug_macro   0x0000000000000000      0x2e3 Core/Src/main.o
 .debug_macro   0x00000000000002e3      0xa5a Core/Src/main.o
 .debug_macro   0x0000000000000d3d      0x19c Core/Src/main.o
 .debug_macro   0x0000000000000ed9       0x2e Core/Src/main.o
 .debug_macro   0x0000000000000f07       0x28 Core/Src/main.o
 .debug_macro   0x0000000000000f2f       0x22 Core/Src/main.o
 .debug_macro   0x0000000000000f51       0x8e Core/Src/main.o
 .debug_macro   0x0000000000000fdf       0x51 Core/Src/main.o
 .debug_macro   0x0000000000001030       0xef Core/Src/main.o
 .debug_macro   0x000000000000111f       0x6a Core/Src/main.o
 .debug_macro   0x0000000000001189      0x1df Core/Src/main.o
 .debug_macro   0x0000000000001368       0x1c Core/Src/main.o
 .debug_macro   0x0000000000001384       0x22 Core/Src/main.o
 .debug_macro   0x00000000000013a6       0xdf Core/Src/main.o
 .debug_macro   0x0000000000001485     0x102d Core/Src/main.o
 .debug_macro   0x00000000000024b2      0x11f Core/Src/main.o
 .debug_macro   0x00000000000025d1    0x17f69 Core/Src/main.o
 .debug_macro   0x000000000001a53a       0x43 Core/Src/main.o
 .debug_macro   0x000000000001a57d     0x36c9 Core/Src/main.o
 .debug_macro   0x000000000001dc46      0x174 Core/Src/main.o
 .debug_macro   0x000000000001ddba       0x5a Core/Src/main.o
 .debug_macro   0x000000000001de14      0xca5 Core/Src/main.o
 .debug_macro   0x000000000001eab9      0x9fe Core/Src/main.o
 .debug_macro   0x000000000001f4b7      0x182 Core/Src/main.o
 .debug_macro   0x000000000001f639      0x117 Core/Src/main.o
 .debug_macro   0x000000000001f750      0x157 Core/Src/main.o
 .debug_macro   0x000000000001f8a7       0x27 Core/Src/main.o
 .debug_macro   0x000000000001f8ce      0x287 Core/Src/main.o
 .debug_macro   0x000000000001fb55       0x5f Core/Src/main.o
 .debug_macro   0x000000000001fbb4      0x236 Core/Src/main.o
 .debug_macro   0x000000000001fdea      0x132 Core/Src/main.o
 .debug_macro   0x000000000001ff1c      0x41d Core/Src/main.o
 .debug_macro   0x0000000000020339       0x2e Core/Src/main.o
 .debug_macro   0x0000000000020367      0x582 Core/Src/main.o
 .debug_macro   0x00000000000208e9      0x1b5 Core/Src/main.o
 .debug_macro   0x0000000000020a9e       0x22 Core/Src/main.o
 .debug_macro   0x0000000000020ac0       0xd6 Core/Src/main.o
 .debug_macro   0x0000000000020b96      0x11a Core/Src/main.o
 .debug_macro   0x0000000000020cb0       0xe2 Core/Src/main.o
 .debug_macro   0x0000000000020d92       0x89 Core/Src/main.o
 .debug_macro   0x0000000000020e1b      0x225 Core/Src/main.o
 .debug_macro   0x0000000000021040      0x8a0 Core/Src/main.o
 .debug_macro   0x00000000000218e0       0x47 Core/Src/main.o
 .debug_macro   0x0000000000021927      0x287 Core/Src/main.o
 .debug_macro   0x0000000000021bae      0x134 Core/Src/main.o
 .debug_macro   0x0000000000021ce2      0x4c9 Core/Src/main.o
 .debug_macro   0x00000000000221ab       0x18 Core/Src/main.o
 .debug_macro   0x00000000000221c3       0x46 Core/Src/main.o
 .debug_macro   0x0000000000022209       0x3c Core/Src/main.o
 .debug_macro   0x0000000000022245       0x34 Core/Src/main.o
 .debug_macro   0x0000000000022279       0x16 Core/Src/main.o
 .debug_macro   0x000000000002228f       0x35 Core/Src/main.o
 .debug_macro   0x00000000000222c4       0x52 Core/Src/main.o
 .debug_macro   0x0000000000022316       0x1f Core/Src/main.o
 .debug_macro   0x0000000000022335       0x43 Core/Src/main.o
 .debug_macro   0x0000000000022378       0x20 Core/Src/main.o
 .debug_macro   0x0000000000022398      0x1a3 Core/Src/main.o
 .debug_macro   0x000000000002253b      0x32a Core/Src/main.o
 .debug_macro   0x0000000000022865       0x16 Core/Src/main.o
 .debug_macro   0x000000000002287b       0x29 Core/Src/main.o
 .debug_macro   0x00000000000228a4      0x4ee Core/Src/main.o
 .debug_macro   0x0000000000022d92      0x21b Core/Src/stm32f4xx_hal_msp.o
 .debug_macro   0x0000000000022fad      0x20c Core/Src/stm32f4xx_hal_timebase_tim.o
 .debug_macro   0x00000000000231b9      0x225 Core/Src/stm32f4xx_it.o
 .debug_macro   0x00000000000233de      0x212 Core/Src/system_stm32f4xx.o
 .debug_macro   0x00000000000235f0      0x2da Drivers/S117_Driver/S117.o
 .debug_macro   0x00000000000238ca      0x4e8 Drivers/S117_Driver/S117.o
 .debug_macro   0x0000000000023db2      0x26c Drivers/STM32F4xx_HAL_Driver/Src/stm32f4xx_hal.o
 .debug_macro   0x000000000002401e      0x20c Drivers/STM32F4xx_HAL_Driver/Src/stm32f4xx_hal_cortex.o
 .debug_macro   0x000000000002422a      0x242 Drivers/STM32F4xx_HAL_Driver/Src/stm32f4xx_hal_gpio.o
 .debug_macro   0x000000000002446c      0x24c Drivers/STM32F4xx_HAL_Driver/Src/stm32f4xx_hal_i2c.o
 .debug_macro   0x00000000000246b8      0x20c Drivers/STM32F4xx_HAL_Driver/Src/stm32f4xx_hal_i2c_ex.o
 .debug_macro   0x00000000000248c4      0x230 Drivers/STM32F4xx_HAL_Driver/Src/stm32f4xx_hal_rcc.o
 .debug_macro   0x0000000000024af4      0x20c Drivers/STM32F4xx_HAL_Driver/Src/stm32f4xx_hal_sdram.o
 .debug_macro   0x0000000000024d00      0x21b Drivers/STM32F4xx_HAL_Driver/Src/stm32f4xx_hal_spi.o
 .debug_macro   0x0000000000024f1b      0x20d Drivers/STM32F4xx_HAL_Driver/Src/stm32f4xx_hal_tim.o
 .debug_macro   0x0000000000025128      0x20c Drivers/STM32F4xx_HAL_Driver/Src/stm32f4xx_hal_tim_ex.o
 .debug_macro   0x0000000000025334      0x20d Drivers/STM32F4xx_HAL_Driver/Src/stm32f4xx_hal_uart.o
 .debug_macro   0x0000000000025541      0x20c Drivers/STM32F4xx_HAL_Driver/Src/stm32f4xx_ll_fmc.o

.debug_line     0x0000000000000000     0xdcfe
 .debug_line    0x0000000000000000      0xc01 Core/Src/main.o
 .debug_line    0x0000000000000c01      0x8ac Core/Src/stm32f4xx_hal_msp.o
 .debug_line    0x00000000000014ad      0x76c Core/Src/stm32f4xx_hal_timebase_tim.o
 .debug_line    0x0000000000001c19      0x7dc Core/Src/stm32f4xx_it.o
 .debug_line    0x00000000000023f5      0x753 Core/Src/system_stm32f4xx.o
 .debug_line    0x0000000000002b48       0x85 Core/Startup/startup_stm32f429zitx.o
 .debug_line    0x0000000000002bcd      0xa12 Drivers/S117_Driver/S117.o
 .debug_line    0x00000000000035df      0x961 Drivers/STM32F4xx_HAL_Driver/Src/stm32f4xx_hal.o
 .debug_line    0x0000000000003f40      0xa61 Drivers/STM32F4xx_HAL_Driver/Src/stm32f4xx_hal_cortex.o
 .debug_line    0x00000000000049a1      0x944 Drivers/STM32F4xx_HAL_Driver/Src/stm32f4xx_hal_gpio.o
 .debug_line    0x00000000000052e5     0x1b77 Drivers/STM32F4xx_HAL_Driver/Src/stm32f4xx_hal_i2c.o
 .debug_line    0x0000000000006e5c      0x76d Drivers/STM32F4xx_HAL_Driver/Src/stm32f4xx_hal_i2c_ex.o
 .debug_line    0x00000000000075c9      0x995 Drivers/STM32F4xx_HAL_Driver/Src/stm32f4xx_hal_rcc.o
 .debug_line    0x0000000000007f5e      0xa94 Drivers/STM32F4xx_HAL_Driver/Src/stm32f4xx_hal_sdram.o
 .debug_line    0x00000000000089f2     0x10f9 Drivers/STM32F4xx_HAL_Driver/Src/stm32f4xx_hal_spi.o
 .debug_line    0x0000000000009aeb     0x19b6 Drivers/STM32F4xx_HAL_Driver/Src/stm32f4xx_hal_tim.o
 .debug_line    0x000000000000b4a1      0xd53 Drivers/STM32F4xx_HAL_Driver/Src/stm32f4xx_hal_tim_ex.o
 .debug_line    0x000000000000c1f4     0x104b Drivers/STM32F4xx_HAL_Driver/Src/stm32f4xx_hal_uart.o
 .debug_line    0x000000000000d23f      0xabf Drivers/STM32F4xx_HAL_Driver/Src/stm32f4xx_ll_fmc.o

.debug_str      0x0000000000000000    0xe1b9a
 .debug_str     0x0000000000000000    0xdd585 Core/Src/main.o
                                      0xdd9e7 (size before relaxing)
 .debug_str     0x00000000000dd585      0x14b Core/Src/stm32f4xx_hal_msp.o
                                      0xd8d59 (size before relaxing)
 .debug_str     0x00000000000dd6d0      0x5e9 Core/Src/stm32f4xx_hal_timebase_tim.o
                                      0xd7b75 (size before relaxing)
 .debug_str     0x00000000000ddcb9       0xc1 Core/Src/stm32f4xx_it.o
                                      0xd83f3 (size before relaxing)
 .debug_str     0x00000000000ddd7a       0xc4 Core/Src/system_stm32f4xx.o
                                      0xd719b (size before relaxing)
 .debug_str     0x00000000000dde3e       0x36 Core/Startup/startup_stm32f429zitx.o
                                         0x75 (size before relaxing)
 .debug_str     0x00000000000dde74      0x134 Drivers/S117_Driver/S117.o
                                      0xdbfa7 (size before relaxing)
 .debug_str     0x00000000000ddfa8      0x57d Drivers/STM32F4xx_HAL_Driver/Src/stm32f4xx_hal.o
                                      0xd7d07 (size before relaxing)
 .debug_str     0x00000000000de525      0x392 Drivers/STM32F4xx_HAL_Driver/Src/stm32f4xx_hal_cortex.o
                                      0xd7aa8 (size before relaxing)
 .debug_str     0x00000000000de8b7      0x207 Drivers/STM32F4xx_HAL_Driver/Src/stm32f4xx_hal_gpio.o
                                      0xd73da (size before relaxing)
 .debug_str     0x00000000000deabe      0xa86 Drivers/STM32F4xx_HAL_Driver/Src/stm32f4xx_hal_i2c.o
                                      0xd80d6 (size before relaxing)
 .debug_str     0x00000000000df544       0x3b Drivers/STM32F4xx_HAL_Driver/Src/stm32f4xx_hal_i2c_ex.o
                                      0xd7595 (size before relaxing)
 .debug_str     0x00000000000df57f      0x244 Drivers/STM32F4xx_HAL_Driver/Src/stm32f4xx_hal_rcc.o
                                      0xd7588 (size before relaxing)
 .debug_str     0x00000000000df7c3      0x2a9 Drivers/STM32F4xx_HAL_Driver/Src/stm32f4xx_hal_sdram.o
                                      0xd777c (size before relaxing)
 .debug_str     0x00000000000dfa6c      0x545 Drivers/STM32F4xx_HAL_Driver/Src/stm32f4xx_hal_spi.o
                                      0xd79f6 (size before relaxing)
 .debug_str     0x00000000000dffb1      0xcea Drivers/STM32F4xx_HAL_Driver/Src/stm32f4xx_hal_tim.o
                                      0xd8294 (size before relaxing)
 .debug_str     0x00000000000e0c9b      0x4a2 Drivers/STM32F4xx_HAL_Driver/Src/stm32f4xx_hal_tim_ex.o
                                      0xd7a94 (size before relaxing)
 .debug_str     0x00000000000e113d      0x507 Drivers/STM32F4xx_HAL_Driver/Src/stm32f4xx_hal_uart.o
                                      0xd79d4 (size before relaxing)
 .debug_str     0x00000000000e1644      0x556 Drivers/STM32F4xx_HAL_Driver/Src/stm32f4xx_ll_fmc.o
                                      0xd77dd (size before relaxing)

.comment        0x0000000000000000       0x7b
 .comment       0x0000000000000000       0x7b Core/Src/main.o
                                         0x7c (size before relaxing)
 .comment       0x000000000000007b       0x7c Core/Src/stm32f4xx_hal_msp.o
 .comment       0x000000000000007b       0x7c Core/Src/stm32f4xx_hal_timebase_tim.o
 .comment       0x000000000000007b       0x7c Core/Src/stm32f4xx_it.o
 .comment       0x000000000000007b       0x7c Core/Src/system_stm32f4xx.o
 .comment       0x000000000000007b       0x7c Drivers/S117_Driver/S117.o
 .comment       0x000000000000007b       0x7c Drivers/STM32F4xx_HAL_Driver/Src/stm32f4xx_hal.o
 .comment       0x000000000000007b       0x7c Drivers/STM32F4xx_HAL_Driver/Src/stm32f4xx_hal_cortex.o
 .comment       0x000000000000007b       0x7c Drivers/STM32F4xx_HAL_Driver/Src/stm32f4xx_hal_gpio.o
 .comment       0x000000000000007b       0x7c Drivers/STM32F4xx_HAL_Driver/Src/stm32f4xx_hal_i2c.o
 .comment       0x000000000000007b       0x7c Drivers/STM32F4xx_HAL_Driver/Src/stm32f4xx_hal_i2c_ex.o
 .comment       0x000000000000007b       0x7c Drivers/STM32F4xx_HAL_Driver/Src/stm32f4xx_hal_rcc.o
 .comment       0x000000000000007b       0x7c Drivers/STM32F4xx_HAL_Driver/Src/stm32f4xx_hal_sdram.o
 .comment       0x000000000000007b       0x7c Drivers/STM32F4xx_HAL_Driver/Src/stm32f4xx_hal_spi.o
 .comment       0x000000000000007b       0x7c Drivers/STM32F4xx_HAL_Driver/Src/stm32f4xx_hal_tim.o
 .comment       0x000000000000007b       0x7c Drivers/STM32F4xx_HAL_Driver/Src/stm32f4xx_hal_tim_ex.o
 .comment       0x000000000000007b       0x7c Drivers/STM32F4xx_HAL_Driver/Src/stm32f4xx_hal_uart.o
 .comment       0x000000000000007b       0x7c Drivers/STM32F4xx_HAL_Driver/Src/stm32f4xx_ll_fmc.o

.debug_frame    0x0000000000000000     0x5044
 .debug_frame   0x0000000000000000      0x2dc Core/Src/main.o
 .debug_frame   0x00000000000002dc      0x1e8 Core/Src/stm32f4xx_hal_msp.o
 .debug_frame   0x00000000000004c4       0x74 Core/Src/stm32f4xx_hal_timebase_tim.o
 .debug_frame   0x0000000000000538      0x10c Core/Src/stm32f4xx_it.o
 .debug_frame   0x0000000000000644       0x58 Core/Src/system_stm32f4xx.o
 .debug_frame   0x000000000000069c      0x208 Drivers/S117_Driver/S117.o
 .debug_frame   0x00000000000008a4      0x3b4 Drivers/STM32F4xx_HAL_Driver/Src/stm32f4xx_hal.o
 .debug_frame   0x0000000000000c58      0x498 Drivers/STM32F4xx_HAL_Driver/Src/stm32f4xx_hal_cortex.o
 .debug_frame   0x00000000000010f0      0x14c Drivers/STM32F4xx_HAL_Driver/Src/stm32f4xx_hal_gpio.o
 .debug_frame   0x000000000000123c      0xc38 Drivers/STM32F4xx_HAL_Driver/Src/stm32f4xx_hal_i2c.o
 .debug_frame   0x0000000000001e74       0x60 Drivers/STM32F4xx_HAL_Driver/Src/stm32f4xx_hal_i2c_ex.o
 .debug_frame   0x0000000000001ed4      0x1f0 Drivers/STM32F4xx_HAL_Driver/Src/stm32f4xx_hal_rcc.o
 .debug_frame   0x00000000000020c4      0x37c Drivers/STM32F4xx_HAL_Driver/Src/stm32f4xx_hal_sdram.o
 .debug_frame   0x0000000000002440      0x824 Drivers/STM32F4xx_HAL_Driver/Src/stm32f4xx_hal_spi.o
 .debug_frame   0x0000000000002c64     0x10f0 Drivers/STM32F4xx_HAL_Driver/Src/stm32f4xx_hal_tim.o
 .debug_frame   0x0000000000003d54      0x5c0 Drivers/STM32F4xx_HAL_Driver/Src/stm32f4xx_hal_tim_ex.o
 .debug_frame   0x0000000000004314      0x844 Drivers/STM32F4xx_HAL_Driver/Src/stm32f4xx_hal_uart.o
 .debug_frame   0x0000000000004b58      0x440 Drivers/STM32F4xx_HAL_Driver/Src/stm32f4xx_ll_fmc.o
 .debug_frame   0x0000000000004f98       0x2c c:/st/stm32cubeide_1.3.0/stm32cubeide/plugins/com.st.stm32cube.ide.mcu.externaltools.gnu-tools-for-stm32.7-2018-q2-update.win32_1.0.0.201904181610/tools/bin/../lib/gcc/arm-none-eabi/7.3.1/../../../../arm-none-eabi/lib/thumb/v7e-m/fpv4-sp/hard\libc_nano.a(lib_a-init.o)
 .debug_frame   0x0000000000004fc4       0x20 c:/st/stm32cubeide_1.3.0/stm32cubeide/plugins/com.st.stm32cube.ide.mcu.externaltools.gnu-tools-for-stm32.7-2018-q2-update.win32_1.0.0.201904181610/tools/bin/../lib/gcc/arm-none-eabi/7.3.1/../../../../arm-none-eabi/lib/thumb/v7e-m/fpv4-sp/hard\libc_nano.a(lib_a-memset.o)
 .debug_frame   0x0000000000004fe4       0x2c c:/st/stm32cubeide_1.3.0/stm32cubeide/plugins/com.st.stm32cube.ide.mcu.externaltools.gnu-tools-for-stm32.7-2018-q2-update.win32_1.0.0.201904181610/tools/bin/../lib/gcc/arm-none-eabi/7.3.1/thumb/v7e-m/fpv4-sp/hard\libgcc.a(_aeabi_uldivmod.o)
 .debug_frame   0x0000000000005010       0x34 c:/st/stm32cubeide_1.3.0/stm32cubeide/plugins/com.st.stm32cube.ide.mcu.externaltools.gnu-tools-for-stm32.7-2018-q2-update.win32_1.0.0.201904181610/tools/bin/../lib/gcc/arm-none-eabi/7.3.1/thumb/v7e-m/fpv4-sp/hard\libgcc.a(_udivmoddi4.o)
