main.c:80:6:delay	24	static
main.c:89:6:delay_ms	24	static
main.c:98:9:spi_trx	32	static
main.c:113:9:print_num	40	static
main.c:125:6:print	16	static
main.c:133:9:test	24	static
main.c:148:6:s117_write	32	static
main.c:160:9:s117_read	32	static
main.c:180:6:s117_write_num	40	static
main.c:218:5:main	48	static
main.c:391:6:SystemClock_Config	88	static
main.c:434:13:MX_I2C3_Init	8	static
main.c:480:13:MX_SPI4_Init	8	static
main.c:518:13:MX_SPI5_Init	8	static
main.c:556:13:MX_TIM1_Init	32	static
main.c:602:13:MX_UART5_Init	8	static
main.c:635:13:MX_USART1_UART_Init	8	static
main.c:664:13:MX_FMC_Init	40	static
main.c:715:13:MX_GPIO_Init	64	static
main.c:887:6:HAL_TIM_PeriodElapsedCallback	16	static
main.c:904:6:Error_Handler	4	static
