stm32f4xx_hal_msp.c:64:6:HAL_MspInit	16	static
stm32f4xx_hal_msp.c:86:6:HAL_I2C_MspInit	48	static
stm32f4xx_hal_msp.c:130:6:HAL_I2C_MspDeInit	16	static
stm32f4xx_hal_msp.c:161:6:HAL_SPI_MspInit	56	static
stm32f4xx_hal_msp.c:223:6:HAL_SPI_MspDeInit	16	static
stm32f4xx_hal_msp.c:272:6:HAL_TIM_Base_MspInit	24	static
stm32f4xx_hal_msp.c:294:6:HAL_TIM_Base_MspDeInit	16	static
stm32f4xx_hal_msp.c:316:6:HAL_UART_MspInit	56	static
stm32f4xx_hal_msp.c:384:6:HAL_UART_MspDeInit	16	static
stm32f4xx_hal_msp.c:429:13:HAL_FMC_MspInit	32	static
stm32f4xx_hal_msp.c:535:6:HAL_SDRAM_MspInit	16	static
stm32f4xx_hal_msp.c:547:13:HAL_FMC_MspDeInit	8	static
stm32f4xx_hal_msp.c:621:6:HAL_SDRAM_MspDeInit	16	static
